node.exe : npm warn 
config ignoring 
workspace config at C:
\Users\ratte\OneDrive\
Desktop\Overseekv2\cli
ent/.npmrc
At line:1 char:1
+ & "C:\Program Files\
nodejs/node.exe" 
"C:\Program 
Files\nodejs/node_mo 
...
+ ~~~~~~~~~~~~~~~~~~~~
~~~~~~~~~~~~~~~~~~~~~~
~~~~~~~~~~~~~~~~~~~~~~
~~~~~
    + CategoryInfo    
          : NotSpeci  
  fied: (npm warn c   
 onfig...2\client/    
.npmrc:String) []    
, RemoteException
    + FullyQualifiedE 
   rrorId : NativeCo  
  mmandError
 
src/components/settings/TrackingScriptHelper.tsx(24,17): error TS18047: 'currentAccount' is possibly 'null'.
src/components/settings/TrackingScriptHelper.tsx(51,20): error TS18047: 'currentAccount' is possibly 'null'.
src/components/widgets/AnalyticsStatsWidget.tsx(2,29): error TS2307: Cannot find module '../../contexts/AccountContext' or its corresponding type declarations.
src/components/widgets/AnalyticsStatsWidget.tsx(3,21): error TS2307: Cannot find module '../../utils/api' or its corresponding type declarations.
src/components/widgets/FunnelWidget.tsx(2,29): error TS2307: Cannot find module '../../contexts/AccountContext' or its corresponding type declarations.
src/components/widgets/FunnelWidget.tsx(3,21): error TS2307: Cannot find module '../../utils/api' or its corresponding type declarations.
