src/components/ReportBuilder.tsx(1,3): error TS1443: Module declaration names may only use ' or " quoted strings.
src/components/ReportBuilder.tsx(100,40): error TS1005: ';' expected.
src/components/ReportBuilder.tsx(101,30): error TS1005: ';' expected.
src/components/ReportBuilder.tsx(101,46): error TS1005: ';' expected.
src/components/ReportBuilder.tsx(101,61): error TS1005: ';' expected.
src/components/ReportBuilder.tsx(101,69): error TS1005: ';' expected.
