src/services/sync/ReviewSync.ts(42,23): error TS2451: Cannot redeclare block-scoped variable 'reviewDate'.
src/services/sync/ReviewSync.ts(167,23): error TS2451: Cannot redeclare block-scoped variable 'reviewDate'.
