src/services/products.ts(9,24): error TS2353: Object literal may only specify known properties, and 'variations' does not exist in type 'WooProductInclude<DefaultArgs>'.
src/services/products.ts(23,35): error TS2339: Property 'variations' does not exist on type '{ length: Decimal; name: string; id: string; createdAt: Date; updatedAt: Date; accountId: string; wooId: number; rawData: JsonValue; sku: string; price: Decimal; ... 14 more ...; binLocation: string; }'.
src/services/products.ts(96,30): error TS2339: Property 'productVariation' does not exist on type 'PrismaClient<{ adapter: PrismaPg; }, never, DefaultArgs>'.
