src/middleware/validate.ts(2,37): error TS2307: Cannot find module 'zod' or its corresponding type declarations.
src/middleware/validate.ts(16,26): error TS18046: 'error' is of type 'unknown'.
src/middleware/validate.ts(16,44): error TS7006: Parameter 'e' implicitly has an 'any' type.
src/routes/auth.ts(10,19): error TS2307: Cannot find module 'zod' or its corresponding type declarations.
src/routes/auth.ts(127,18): error TS2339: Property 'isTwoFactorEnabled' does not exist on type '{ id: string; email: string; passwordHash: string; fullName: string | null; avatarUrl: string | null; shiftStart: string | null; shiftEnd: string | null; isSuperAdmin: boolean; createdAt: Date; updatedAt: Date; }'.
src/routes/auth.ts(133,83): error TS2339: Property 'twoFactorSecret' does not exist on type '{ id: string; email: string; passwordHash: string; fullName: string | null; avatarUrl: string | null; shiftStart: string | null; shiftEnd: string | null; isSuperAdmin: boolean; createdAt: Date; updatedAt: Date; }'.
src/routes/auth.ts(248,17): error TS2353: Object literal may only specify known properties, and 'resetToken' does not exist in type '(Without<UserUpdateInput, UserUncheckedUpdateInput> & UserUncheckedUpdateInput) | (Without<...> & UserUpdateInput)'.
src/routes/auth.ts(301,19): error TS2339: Property 'resetToken' does not exist on type '{ id: string; email: string; passwordHash: string; fullName: string | null; avatarUrl: string | null; shiftStart: string | null; shiftEnd: string | null; isSuperAdmin: boolean; createdAt: Date; updatedAt: Date; }'.
src/routes/auth.ts(302,18): error TS2339: Property 'resetToken' does not exist on type '{ id: string; email: string; passwordHash: string; fullName: string | null; avatarUrl: string | null; shiftStart: string | null; shiftEnd: string | null; isSuperAdmin: boolean; createdAt: Date; updatedAt: Date; }'.
src/routes/auth.ts(303,19): error TS2339: Property 'resetTokenExpiry' does not exist on type '{ id: string; email: string; passwordHash: string; fullName: string | null; avatarUrl: string | null; shiftStart: string | null; shiftEnd: string | null; isSuperAdmin: boolean; createdAt: Date; updatedAt: Date; }'.
src/routes/auth.ts(304,18): error TS2339: Property 'resetTokenExpiry' does not exist on type '{ id: string; email: string; passwordHash: string; fullName: string | null; avatarUrl: string | null; shiftStart: string | null; shiftEnd: string | null; isSuperAdmin: boolean; createdAt: Date; updatedAt: Date; }'.
src/routes/auth.ts(314,17): error TS2353: Object literal may only specify known properties, and 'resetToken' does not exist in type '(Without<UserUpdateInput, UserUncheckedUpdateInput> & UserUncheckedUpdateInput) | (Without<...> & UserUpdateInput)'.
src/routes/auth.ts(384,26): error TS2339: Property 'refreshToken' does not exist on type 'PrismaClient<PrismaClientOptions, never, DefaultArgs>'.
src/routes/dashboard.ts(18,42): error TS2353: Object literal may only specify known properties, and 'sortOrder' does not exist in type 'DashboardWidgetOrderByWithRelationInput | DashboardWidgetOrderByWithRelationInput[]'.
src/routes/dashboard.ts(31,91): error TS2353: Object literal may only specify known properties, and 'sortOrder' does not exist in type 'DashboardWidgetUncheckedCreateWithoutDashboardInput'.
src/routes/dashboard.ts(32,93): error TS2353: Object literal may only specify known properties, and 'sortOrder' does not exist in type 'DashboardWidgetUncheckedCreateWithoutDashboardInput'.
src/routes/dashboard.ts(33,94): error TS2353: Object literal may only specify known properties, and 'sortOrder' does not exist in type 'DashboardWidgetUncheckedCreateWithoutDashboardInput'.
src/routes/dashboard.ts(34,91): error TS2353: Object literal may only specify known properties, and 'sortOrder' does not exist in type 'DashboardWidgetUncheckedCreateWithoutDashboardInput'.
src/routes/dashboard.ts(35,92): error TS2353: Object literal may only specify known properties, and 'sortOrder' does not exist in type 'DashboardWidgetUncheckedCreateWithoutDashboardInput'.
src/routes/dashboard.ts(36,96): error TS2353: Object literal may only specify known properties, and 'sortOrder' does not exist in type 'DashboardWidgetUncheckedCreateWithoutDashboardInput'.
src/routes/dashboard.ts(40,46): error TS2353: Object literal may only specify known properties, and 'sortOrder' does not exist in type 'DashboardWidgetOrderByWithRelationInput | DashboardWidgetOrderByWithRelationInput[]'.
src/routes/dashboard.ts(83,42): error TS2353: Object literal may only specify known properties, and 'sortOrder' does not exist in type 'DashboardWidgetOrderByWithRelationInput | DashboardWidgetOrderByWithRelationInput[]'.
src/routes/sessions.ts(17,39): error TS2339: Property 'refreshToken' does not exist on type 'PrismaClient<PrismaClientOptions, never, DefaultArgs>'.
src/routes/sessions.ts(35,50): error TS7006: Parameter 's' implicitly has an 'any' type.
src/routes/sessions.ts(56,36): error TS2339: Property 'refreshToken' does not exist on type 'PrismaClient<PrismaClientOptions, never, DefaultArgs>'.
src/routes/sessions.ts(64,22): error TS2339: Property 'refreshToken' does not exist on type 'PrismaClient<PrismaClientOptions, never, DefaultArgs>'.
src/routes/sessions.ts(83,37): error TS2339: Property 'refreshToken' does not exist on type 'PrismaClient<PrismaClientOptions, never, DefaultArgs>'.
src/services/EmbeddingService.ts(80,47): error TS2353: Object literal may only specify known properties, and 'embeddingModel' does not exist in type 'AccountSelect<DefaultArgs>'.
src/services/EmbeddingService.ts(96,31): error TS2339: Property 'embeddingModel' does not exist on type '{ id: string; createdAt: Date; updatedAt: Date; name: string; currency: string; domain: string | null; wooUrl: string; wooConsumerKey: string; wooConsumerSecret: string; webhookSecret: string | null; ... 7 more ...; appearance: JsonValue; }'.
src/services/EmbeddingService.ts(115,47): error TS2353: Object literal may only specify known properties, and 'embeddingModel' does not exist in type 'AccountSelect<DefaultArgs>'.
src/services/EmbeddingService.ts(123,31): error TS2339: Property 'embeddingModel' does not exist on type '{ id: string; createdAt: Date; updatedAt: Date; name: string; currency: string; domain: string | null; wooUrl: string; wooConsumerKey: string; wooConsumerSecret: string; webhookSecret: string | null; ... 7 more ...; appearance: JsonValue; }'.
src/services/EmbeddingService.ts(169,47): error TS2353: Object literal may only specify known properties, and 'embeddingModel' does not exist in type 'AccountSelect<DefaultArgs>'.
src/services/EmbeddingService.ts(177,31): error TS2339: Property 'embeddingModel' does not exist on type '{ id: string; createdAt: Date; updatedAt: Date; name: string; currency: string; domain: string | null; wooUrl: string; wooConsumerKey: string; wooConsumerSecret: string; webhookSecret: string | null; ... 7 more ...; appearance: JsonValue; }'.
src/services/SecurityService.ts(2,31): error TS2307: Cannot find module 'otplib' or its corresponding type declarations.
src/services/SecurityService.ts(3,25): error TS2307: Cannot find module 'qrcode' or its corresponding type declarations.
src/services/SecurityService.ts(36,17): error TS2353: Object literal may only specify known properties, and 'twoFactorSecret' does not exist in type '(Without<UserUpdateInput, UserUncheckedUpdateInput> & UserUncheckedUpdateInput) | (Without<...> & UserUpdateInput)'.
src/services/SecurityService.ts(57,22): error TS2339: Property 'refreshToken' does not exist on type 'PrismaClient<PrismaClientOptions, never, DefaultArgs>'.
src/services/SecurityService.ts(71,43): error TS2339: Property 'refreshToken' does not exist on type 'PrismaClient<PrismaClientOptions, never, DefaultArgs>'.
src/services/SecurityService.ts(88,20): error TS2339: Property 'refreshToken' does not exist on type 'PrismaClient<PrismaClientOptions, never, DefaultArgs>'.
src/services/SecurityService.ts(92,20): error TS2339: Property 'refreshToken' does not exist on type 'PrismaClient<PrismaClientOptions, never, DefaultArgs>'.
src/services/SecurityService.ts(109,22): error TS2339: Property 'refreshToken' does not exist on type 'PrismaClient<PrismaClientOptions, never, DefaultArgs>'.
src/services/TrackingService.ts(169,17): error TS2353: Object literal may only specify known properties, and 'firstTouchSource' does not exist in type 'AnalyticsSessionSelect<DefaultArgs>'.
src/services/TrackingService.ts(206,31): error TS2339: Property 'firstTouchSource' does not exist on type '{ id: string; accountId: string; email: string | null; createdAt: Date; updatedAt: Date; currency: string; visitorId: string; ipAddress: string | null; userAgent: string | null; ... 14 more ...; abandonedNotificationSentAt: Date | null; }'.
src/services/TrackingService.ts(216,56): error TS2339: Property 'totalVisits' does not exist on type '{ id: string; accountId: string; email: string | null; createdAt: Date; updatedAt: Date; currency: string; visitorId: string; ipAddress: string | null; userAgent: string | null; ... 14 more ...; abandonedNotificationSentAt: Date | null; }'.
src/services/TrackingService.ts(600,25): error TS2353: Object literal may only specify known properties, and 'firstTouchSource' does not exist in type 'AnalyticsSessionSelect<DefaultArgs>'.
src/services/TrackingService.ts(666,17): error TS2353: Object literal may only specify known properties, and 'firstTouchSource' does not exist in type 'AnalyticsSessionSelect<DefaultArgs>'.
src/services/TrackingService.ts(676,29): error TS2339: Property 'firstTouchSource' does not exist on type '{ id: string; accountId: string; email: string | null; createdAt: Date; updatedAt: Date; currency: string; visitorId: string; ipAddress: string | null; userAgent: string | null; ... 14 more ...; abandonedNotificationSentAt: Date | null; }'.
src/services/TrackingService.ts(677,28): error TS2339: Property 'lastTouchSource' does not exist on type '{ id: string; accountId: string; email: string | null; createdAt: Date; updatedAt: Date; currency: string; visitorId: string; ipAddress: string | null; userAgent: string | null; ... 14 more ...; abandonedNotificationSentAt: Date | null; }'.
